export const snapshot = {};

snapshot[`return RSS 1`] = `
'<?xml version="1.0" encoding="utf-8"?>
<rss version="2.0" xmlns:atom="http://www.w3.org/2005/Atom">
    <channel>
        <title>Core Web Vitals Summary of this Origin(https://example.com) on all devices</title>
        <link>https://github.com/kamekyame/crux-feed</link>
        <description></description>
        <lastBuildDate>Thu, 01 Jan 1970 00:00:00 GMT</lastBuildDate>
        <docs>https://validator.w3.org/feed/docs/rss2.html</docs>
        <generator>https://github.com/jpmonette/feed</generator>
        <ttl>720</ttl>
        <atom:link href="http://localhost/?view=cwvsummary&amp;url=https%3A%2F%2Fexample.com%2Fhoge&amp;identifier=origin&amp;device=ALL&amp;periodStart=0&amp;periodEnd=-1&amp;display=p75s" rel="self" type="application/rss+xml"/>
        <item>
            <title><![CDATA[Core Web Vitals Summary of this Origin(https://example.com) on all devices as of 2026-03-28]]></title>
            <link>http://localhost/r?view=cwvsummary&amp;url=https%3A%2F%2Fexample.com%2Fhoge&amp;identifier=origin&amp;device=ALL&amp;periodStart=0&amp;periodEnd=-1&amp;display=p75s&amp;asof=2026-03-28</link>
            <guid isPermaLink="false">1774656000000</guid>
            <pubDate>Sat, 28 Mar 2026 00:00:00 GMT</pubDate>
            <description><![CDATA[Loading Performance is good and improving - value: 1155<br>Interactivity is good and stable - value: 77<br>Visual Stability is good and stable - value: 0]]></description>
        </item>
        <item>
            <title><![CDATA[Core Web Vitals Summary of this Origin(https://example.com) on all devices as of 2026-03-21]]></title>
            <link>http://localhost/r?view=cwvsummary&amp;url=https%3A%2F%2Fexample.com%2Fhoge&amp;identifier=origin&amp;device=ALL&amp;periodStart=0&amp;periodEnd=-1&amp;display=p75s&amp;asof=2026-03-21</link>
            <guid isPermaLink="false">1774051200000</guid>
            <pubDate>Sat, 21 Mar 2026 00:00:00 GMT</pubDate>
            <description><![CDATA[Loading Performance is good and improving - value: 2163<br>Interactivity is good and stable - value: 78<br>Visual Stability is good and stable - value: 0]]></description>
        </item>
        <item>
            <title><![CDATA[Core Web Vitals Summary of this Origin(https://example.com) on all devices as of 2026-03-14]]></title>
            <link>http://localhost/r?view=cwvsummary&amp;url=https%3A%2F%2Fexample.com%2Fhoge&amp;identifier=origin&amp;device=ALL&amp;periodStart=0&amp;periodEnd=-1&amp;display=p75s&amp;asof=2026-03-14</link>
            <guid isPermaLink="false">1773446400000</guid>
            <pubDate>Sat, 14 Mar 2026 00:00:00 GMT</pubDate>
            <description><![CDATA[Loading Performance is needs improvement and improving - value: 3170<br>Interactivity is good and stable - value: 78<br>Visual Stability is good and stable - value: 0]]></description>
        </item>
        <item>
            <title><![CDATA[Core Web Vitals Summary of this Origin(https://example.com) on all devices as of 2026-03-07]]></title>
            <link>http://localhost/r?view=cwvsummary&amp;url=https%3A%2F%2Fexample.com%2Fhoge&amp;identifier=origin&amp;device=ALL&amp;periodStart=0&amp;periodEnd=-1&amp;display=p75s&amp;asof=2026-03-07</link>
            <guid isPermaLink="false">1772841600000</guid>
            <pubDate>Sat, 07 Mar 2026 00:00:00 GMT</pubDate>
            <description><![CDATA[Loading Performance is poor and improving - value: 4131<br>Interactivity is good and stable - value: 78<br>Visual Stability is good and stable - value: 0]]></description>
        </item>
    </channel>
</rss>'
`;
